[Tue Dec  9 13:32:09 2025
] [INFO]User exited the system.
[Tue Dec  9 13:35:04 2025] [INFO]User attempted to register.
[Thu Dec 11 09:44:34 2025] [INFO]User attempted to log in.
[Thu Dec 11 09:45:47 2025] [INFO]User attempted to register.
[Thu Dec 11 09:48:24 2025] [INFO] [Register] User registered: shagun
[Thu Dec 11 09:48:43 2025] [INFO] [Login] User logged in: shagun
[Thu Dec 11 09:49:16 2025] [INFO] [CourseManager] Course added: Hmt150
[Fri Dec 12 18:57:30 2025] [INFO] [Register] User registered: shagun00
[Fri Dec 12 19:33:35 2025] [WARNING] [Login] Invalid password: shagun00
[Fri Dec 12 19:37:27 2025] [WARNING] [Login] Invalid password: shagun
[Fri Dec 12 19:39:06 2025] [INFO] [Register] User registered: shagun101
[Fri Dec 12 19:40:10 2025] [INFO] [Register] User registered: shagun
[Fri Dec 12 19:40:39 2025] [INFO] [Login] User logged in: shagun
[Fri Dec 12 19:41:26 2025] [INFO] [CourseManager] Course added: 20
[Fri Dec 12 19:41:26 2025] [INFO] [AdminDashboard] Added course: 20 - HMtt
[Fri Dec 12 19:41:31 2025] [INFO] [AdminDashboard] Admin logged out
[Mon Dec 22 17:45:57 2025] [WARNING] [Login] Invalid password: SHAGUN
[Mon Dec 22 17:48:02 2025] [INFO] [Register] User registered: diya 
[Mon Dec 22 17:51:54 2025] [INFO] [Register] User registered: j,h,
[Mon Dec 22 17:51:57 2025] [INFO] [MainMenu] System exited.
[Mon Dec 22 17:54:24 2025] [INFO] [Login] User logged in: diya 
[Mon Dec 22 18:01:00 2025] [INFO] [CourseManager] Course added: 01
[Mon Dec 22 18:01:00 2025] [INFO] [AdminDashboard] Added course: 01 - hmt maths
[Mon Dec 22 18:03:12 2025] [INFO] [AdminDashboard] Viewed system logs
[Mon Dec 22 18:03:26 2025] [INFO] [AdminDashboard] Admin logged out
